Sepolia RPC:        https://eth-sepolia.g.alchemy.com/v2/<redacted>  (chain_id=11155111)
Deployer:           0x54539B5ef33cfC3C57b9b572fc77d1e5F1CFf4c4
Balance:            11.8521 ETH

Loading artifacts...

=== Deploying MockUSDT ===
  MockUSDT:           0x665A2176d7beF3bccE52F37F1e64c99D993Aa7Ba
  gas used:           420,804

=== Deploying MockUniswapV2Pool ===
  MockUniswapV2Pool:  0x229cC888FE17c81CD474Ea8eb6F5387f1739a4c4
  Bootstrapping pool (0.5 ETH + 100k USDT)...
  pool reserves:      0.5000 ETH / 100,000.00 USDT
  spot price:         1 ETH = 200,000.00 USDT

=== Deploying MiMCSponge (from circomlibjs) ===
Traceback (most recent call last):
  File "/home/anon/miniconda3/envs/aml-thesis/lib/python3.11/site-packages/web3/eth/eth.py", line 510, in wait_for_transaction_receipt
    _timeout.sleep(poll_latency)
  File "/home/anon/miniconda3/envs/aml-thesis/lib/python3.11/site-packages/web3/_utils/threads.py", line 101, in sleep
    self.check()
  File "/home/anon/miniconda3/envs/aml-thesis/lib/python3.11/site-packages/web3/_utils/threads.py", line 94, in check
    raise self
web3._utils.threads.Timeout: 120 seconds

During handling of the above exception, another exception occurred:

Traceback (most recent call last):
  File "/home/anon/aml-thesis/scripts/deploy_eth_mocks_sepolia.py", line 287, in <module>
    main()
  File "/home/anon/aml-thesis/scripts/deploy_eth_mocks_sepolia.py", line 247, in main
    mimc = deploy_mimc(w3, deployer, key)
           ^^^^^^^^^^^^^^^^^^^^^^^^^^^^^^
  File "/home/anon/aml-thesis/src/aml/chains/mimc.py", line 80, in deploy_mimc
    receipt = w3.eth.wait_for_transaction_receipt(
              ^^^^^^^^^^^^^^^^^^^^^^^^^^^^^^^^^^^^
  File "/home/anon/miniconda3/envs/aml-thesis/lib/python3.11/site-packages/web3/eth/eth.py", line 514, in wait_for_transaction_receipt
    raise TimeExhausted(
web3.exceptions.TimeExhausted: Transaction HexBytes('0x34a3fa1e6f9c60436cce0ea072b0656f7390b51516e20c4a9e8f4a65f5f3b937') is not in the chain after 120 seconds
